2026-05-19 14:14:42,090 [main] INFO  org.nrg.xnatx.ohifviewer.event.listeners.OhifViewerEventListener - OHIF Viewer event listener initialised
2026-05-19 14:14:44,018 [main] INFO  org.nrg.xnatx.ohifviewer.xapi.OhifViewerApi - OHIF Viewer ROI Color XAPI initialised
2026-05-19 14:14:44,026 [main] INFO  org.nrg.xnatx.ohifviewer.xapi.OhifViewerApi - OHIF Viewer XAPI initialised
2026-05-19 14:14:44,045 [main] INFO  org.nrg.xnatx.ohifviewer.xapi.OhifViewerConfigApi - OHIF Viewer Config XAPI initialised
2026-05-19 14:14:44,056 [main] INFO  org.nrg.xnatx.ohifviewer.xapi.OhifViewerApi - OHIF Viewer AIAA XAPI initialised
2026-05-19 14:14:44,099 [main] INFO  org.nrg.xnatx.roi.xapi.OhifRoiApi - OHIF ROI XAPI initialised
2026-05-19 14:14:44,151 [main] INFO  org.nrg.xnatx.dicomweb.xapi.OhifDicomwebApi - Viewer DICOMweb XAPI initialised
2026-05-19 14:15:06,966 [reactorDispatcher-3] DEBUG org.nrg.xnatx.ohifviewer.event.listeners.OhifViewerEventListener - Handling event in OhifViewerEventListener. PipelineName: Unshare orphaned scans v2, DataType: site, ID: ADMIN
2026-05-19 14:15:06,975 [reactorDispatcher-3] ERROR org.nrg.xnatx.ohifviewer.event.listeners.OhifViewerEventListener - Unable to determine SchemaElement for dataType site
org.nrg.xft.exception.ElementNotFoundException: Element not found: 'site'
	at org.nrg.xft.meta.XFTMetaManager.FindElement(XFTMetaManager.java:189)
	at org.nrg.xft.meta.XFTMetaManager.GetWrappedElementByName(XFTMetaManager.java:319)
	at org.nrg.xft.schema.Wrappers.GenericWrapper.GenericWrapperElement.GetElement(GenericWrapperElement.java:151)
	at org.nrg.xdat.schema.SchemaElement.GetElement(SchemaElement.java:141)
	at org.nrg.xnatx.ohifviewer.event.listeners.OhifViewerEventListener.handleEvent(OhifViewerEventListener.java:146)
	at org.nrg.xnatx.ohifviewer.event.listeners.OhifViewerEventListener.accept(OhifViewerEventListener.java:105)
	at org.nrg.xnatx.ohifviewer.event.listeners.OhifViewerEventListener.accept(OhifViewerEventListener.java:71)
	at reactor.bus.EventBus$3.accept(EventBus.java:317)
	at reactor.bus.EventBus$3.accept(EventBus.java:310)
	at reactor.bus.routing.ConsumerFilteringRouter.route(ConsumerFilteringRouter.java:72)
	at reactor.bus.EventBus.accept(EventBus.java:591)
	at reactor.bus.EventBus.accept(EventBus.java:63)
	at reactor.core.dispatch.AbstractLifecycleDispatcher.route(AbstractLifecycleDispatcher.java:160)
	at reactor.core.dispatch.MultiThreadDispatcher$MultiThreadTask.run(MultiThreadDispatcher.java:74)
	at reactor.core.dispatch.WorkQueueDispatcher$3.onEvent(WorkQueueDispatcher.java:115)
	at reactor.core.dispatch.WorkQueueDispatcher$3.onEvent(WorkQueueDispatcher.java:112)
	at reactor.jarjar.com.lmax.disruptor.WorkProcessor.run(WorkProcessor.java:138)
	at java.util.concurrent.ThreadPoolExecutor.runWorker(ThreadPoolExecutor.java:1149)
	at java.util.concurrent.ThreadPoolExecutor$Worker.run(ThreadPoolExecutor.java:624)
	at java.lang.Thread.run(Thread.java:750)
2026-05-19 14:15:07,366 [reactorDispatcher-6] DEBUG org.nrg.xnatx.ohifviewer.event.listeners.OhifViewerEventListener - Handling event in OhifViewerEventListener. PipelineName: Initialized archive specifications., DataType: arc:ArchiveSpecification, ID: 2
2026-05-19 14:15:07,442 [reactorDispatcher-8] DEBUG org.nrg.xnatx.ohifviewer.event.listeners.OhifViewerEventListener - Handling event in OhifViewerEventListener. PipelineName: Added ContainerManager role, DataType: xdat:user, ID: 1
2026-05-19 14:15:15,329 [reactorDispatcher-13] DEBUG org.nrg.xnatx.ohifviewer.event.listeners.OhifViewerEventListener - Handling event in OhifViewerEventListener. PipelineName: Initialized permissions, DataType: xdat:userGroup, ID: 4
2026-05-19 14:15:16,864 [reactorDispatcher-2] DEBUG org.nrg.xnatx.ohifviewer.event.listeners.OhifViewerEventListener - Handling event in OhifViewerEventListener. PipelineName: unknown action, DataType: xnat:projectData, ID: dummydicomproject
2026-05-19 14:15:16,963 [reactorDispatcher-7] DEBUG org.nrg.xnatx.ohifviewer.event.listeners.OhifViewerEventListener - Handling event in OhifViewerEventListener. PipelineName: Added Subject, DataType: xnat:subjectData, ID: Xnat4Tests_S00001
2026-05-19 14:15:17,599 [reactorDispatcher-9] DEBUG org.nrg.xnatx.ohifviewer.event.listeners.OhifViewerEventListener - Handling event in OhifViewerEventListener. PipelineName: Added MR Session, DataType: xnat:mrSessionData, ID: Xnat4Tests_E00001
2026-05-19 14:15:17,749 [reactorDispatcher-12] DEBUG org.nrg.xnatx.ohifviewer.event.listeners.OhifViewerEventListener - Handling event in OhifViewerEventListener. PipelineName: Modified MRScan, DataType: xnat:mrSessionData, ID: Xnat4Tests_E00001
2026-05-19 14:15:17,907 [reactorDispatcher-17] DEBUG org.nrg.xnatx.ohifviewer.event.listeners.OhifViewerEventListener - Handling event in OhifViewerEventListener. PipelineName: Created resource, DataType: xnat:mrSessionData, ID: Xnat4Tests_E00001
2026-05-19 14:15:20,091 [reactorDispatcher-4] DEBUG org.nrg.xnatx.ohifviewer.event.listeners.OhifViewerEventListener - Handling event in OhifViewerEventListener. PipelineName: Uploaded File, DataType: xnat:mrSessionData, ID: Xnat4Tests_E00001
2026-05-19 14:15:20,155 [reactorDispatcher-1] DEBUG org.nrg.xnatx.ohifviewer.event.listeners.OhifViewerEventListener - Handling event in OhifViewerEventListener. PipelineName: Modified MRScan, DataType: xnat:mrSessionData, ID: Xnat4Tests_E00001
2026-05-19 14:15:20,276 [reactorDispatcher-2] DEBUG org.nrg.xnatx.ohifviewer.event.listeners.OhifViewerEventListener - Handling event in OhifViewerEventListener. PipelineName: Created resource, DataType: xnat:mrSessionData, ID: Xnat4Tests_E00001
2026-05-19 14:15:22,564 [reactorDispatcher-12] DEBUG org.nrg.xnatx.ohifviewer.event.listeners.OhifViewerEventListener - Handling event in OhifViewerEventListener. PipelineName: Configure new feature., DataType: xdat:element_action_type, ID: 38
2026-05-19 14:15:22,579 [reactorDispatcher-15] DEBUG org.nrg.xnatx.ohifviewer.event.listeners.OhifViewerEventListener - Handling event in OhifViewerEventListener. PipelineName: Configure new feature., DataType: xdat:element_action_type, ID: 68
2026-05-19 14:15:22,592 [reactorDispatcher-17] DEBUG org.nrg.xnatx.ohifviewer.event.listeners.OhifViewerEventListener - Handling event in OhifViewerEventListener. PipelineName: Configure new feature., DataType: xdat:element_action_type, ID: 37
2026-05-19 14:15:22,607 [reactorDispatcher-4] DEBUG org.nrg.xnatx.ohifviewer.event.listeners.OhifViewerEventListener - Handling event in OhifViewerEventListener. PipelineName: Configure new feature., DataType: xdat:element_action_type, ID: 250
2026-05-19 14:15:22,622 [reactorDispatcher-1] DEBUG org.nrg.xnatx.ohifviewer.event.listeners.OhifViewerEventListener - Handling event in OhifViewerEventListener. PipelineName: Configure new feature., DataType: xdat:element_action_type, ID: 54
2026-05-19 14:15:22,638 [reactorDispatcher-3] DEBUG org.nrg.xnatx.ohifviewer.event.listeners.OhifViewerEventListener - Handling event in OhifViewerEventListener. PipelineName: Configure new feature., DataType: xdat:element_action_type, ID: 61
2026-05-19 14:16:03,956 [reactorDispatcher-17] DEBUG org.nrg.xnatx.ohifviewer.event.listeners.OhifViewerEventListener - Handling event in OhifViewerEventListener. PipelineName: Uploaded File, DataType: xnat:mrSessionData, ID: Xnat4Tests_E00001
2026-05-19 14:16:04,169 [reactorDispatcher-20] DEBUG org.nrg.xnatx.ohifviewer.event.listeners.OhifViewerEventListener - Handling event in OhifViewerEventListener. PipelineName: Modified MRScan, DataType: xnat:mrSessionData, ID: Xnat4Tests_E00001
2026-05-19 14:16:04,250 [reactorDispatcher-5] DEBUG org.nrg.xnatx.ohifviewer.event.listeners.OhifViewerEventListener - Handling event in OhifViewerEventListener. PipelineName: Created resource, DataType: xnat:mrSessionData, ID: Xnat4Tests_E00001
2026-05-19 14:16:05,285 [reactorDispatcher-10] DEBUG org.nrg.xnatx.ohifviewer.event.listeners.OhifViewerEventListener - Handling event in OhifViewerEventListener. PipelineName: Uploaded File, DataType: xnat:mrSessionData, ID: Xnat4Tests_E00001
2026-05-19 14:16:06,850 [reactorDispatcher-6] DEBUG org.nrg.xnatx.ohifviewer.event.listeners.OhifViewerEventListener - Handling event in OhifViewerEventListener. PipelineName: Initialized permissions, DataType: xdat:userGroup, ID: 7
2026-05-19 14:16:07,053 [reactorDispatcher-20] DEBUG org.nrg.xnatx.ohifviewer.event.listeners.OhifViewerEventListener - Handling event in OhifViewerEventListener. PipelineName: unknown action, DataType: xnat:projectData, ID: OPENNEURO_T1W
2026-05-19 14:16:07,094 [reactorDispatcher-2] DEBUG org.nrg.xnatx.ohifviewer.event.listeners.OhifViewerEventListener - Handling event in OhifViewerEventListener. PipelineName: Added Subject, DataType: xnat:subjectData, ID: Xnat4Tests_S00002
2026-05-19 14:16:07,203 [reactorDispatcher-10] DEBUG org.nrg.xnatx.ohifviewer.event.listeners.OhifViewerEventListener - Handling event in OhifViewerEventListener. PipelineName: Added MR Session, DataType: xnat:mrSessionData, ID: Xnat4Tests_E00002
2026-05-19 14:16:07,268 [reactorDispatcher-9] DEBUG org.nrg.xnatx.ohifviewer.event.listeners.OhifViewerEventListener - Handling event in OhifViewerEventListener. PipelineName: Modified MRScan, DataType: xnat:mrSessionData, ID: Xnat4Tests_E00002
2026-05-19 14:16:07,348 [reactorDispatcher-19] DEBUG org.nrg.xnatx.ohifviewer.event.listeners.OhifViewerEventListener - Handling event in OhifViewerEventListener. PipelineName: Created resource, DataType: xnat:mrSessionData, ID: Xnat4Tests_E00002
2026-05-19 14:16:07,700 [reactorDispatcher-12] DEBUG org.nrg.xnatx.ohifviewer.event.listeners.OhifViewerEventListener - Handling event in OhifViewerEventListener. PipelineName: Uploaded File, DataType: xnat:mrSessionData, ID: Xnat4Tests_E00002
2026-05-19 14:16:08,934 [reactorDispatcher-4] DEBUG org.nrg.xnatx.ohifviewer.event.listeners.OhifViewerEventListener - Handling event in OhifViewerEventListener. PipelineName: Added Subject, DataType: xnat:subjectData, ID: Xnat4Tests_S00003
2026-05-19 14:16:09,052 [reactorDispatcher-20] DEBUG org.nrg.xnatx.ohifviewer.event.listeners.OhifViewerEventListener - Handling event in OhifViewerEventListener. PipelineName: Added MR Session, DataType: xnat:mrSessionData, ID: Xnat4Tests_E00003
2026-05-19 14:16:09,122 [reactorDispatcher-3] DEBUG org.nrg.xnatx.ohifviewer.event.listeners.OhifViewerEventListener - Handling event in OhifViewerEventListener. PipelineName: Modified MRScan, DataType: xnat:mrSessionData, ID: Xnat4Tests_E00003
2026-05-19 14:16:09,199 [reactorDispatcher-10] DEBUG org.nrg.xnatx.ohifviewer.event.listeners.OhifViewerEventListener - Handling event in OhifViewerEventListener. PipelineName: Created resource, DataType: xnat:mrSessionData, ID: Xnat4Tests_E00003
2026-05-19 14:16:09,614 [reactorDispatcher-9] DEBUG org.nrg.xnatx.ohifviewer.event.listeners.OhifViewerEventListener - Handling event in OhifViewerEventListener. PipelineName: Uploaded File, DataType: xnat:mrSessionData, ID: Xnat4Tests_E00003
2026-05-19 14:16:10,364 [reactorDispatcher-13] DEBUG org.nrg.xnatx.ohifviewer.event.listeners.OhifViewerEventListener - Handling event in OhifViewerEventListener. PipelineName: Configured project sharing, DataType: xnat:subjectData, ID: Xnat4Tests_S00001
2026-05-19 14:23:17,832 [reactorDispatcher-15] DEBUG org.nrg.xnatx.ohifviewer.event.listeners.OhifViewerEventListener - Handling event in OhifViewerEventListener. PipelineName: Transferred, DataType: xnat:mrSessionData, ID: Xnat4Tests_E00004
2026-05-19 14:23:17,839 [reactorDispatcher-15] DEBUG org.nrg.xnatx.ohifviewer.event.listeners.OhifViewerEventListener - Rebuilding viewer JSON metadata for ID: Xnat4Tests_E00004 User: admin Trigger event: Transferred
2026-05-19 14:23:17,868 [reactorDispatcher-15] INFO  org.nrg.xnatx.ohifviewer.inputcreator.JsonMetadataHandler - Creating session metadata for Xnat4Tests_E00004
2026-05-19 14:23:17,939 [reactorDispatcher-15] DEBUG org.nrg.xnatx.ohifviewer.inputcreator.ConfigServiceJsonCreator - Experiment path: /data/xnat/archive/dummydicomproject/arc001/1908460/
2026-05-19 14:23:17,939 [reactorDispatcher-15] INFO  org.nrg.xnatx.ohifviewer.inputcreator.ConfigServiceJsonCreator - Creating JSON metadata for /data/xnat/archive/dummydicomproject/arc001/1908460/SCANS
2026-05-19 14:23:17,939 [reactorDispatcher-15] INFO  org.nrg.xnatx.ohifviewer.inputcreator.ConfigServiceJsonCreator - xnatExperimentScanUrl: /data/experiments/Xnat4Tests_E00004/scans/
2026-05-19 14:23:17,943 [reactorDispatcher-15] INFO  org.nrg.xnatx.ohifviewer.inputcreator.CreateOhifViewerMetadata - DICOM search: /data/xnat/archive/dummydicomproject/arc001/1908460/SCANS
2026-05-19 14:23:17,947 [reactorDispatcher-15] INFO  icr.etherj.AbstractPathScan - Building import list...
2026-05-19 14:23:18,037 [reactorDispatcher-15] INFO  icr.etherj.AbstractPathScan - Scanning 4424 files from /data/xnat/archive/dummydicomproject/arc001/1908460/SCANS...
2026-05-19 14:23:22,101 [reactorDispatcher-15] INFO  icr.etherj.AbstractPathScan - Scan complete /data/xnat/archive/dummydicomproject/arc001/1908460/SCANS
2026-05-19 14:23:22,152 [reactorDispatcher-15] DEBUG org.nrg.xnatx.ohifviewer.inputcreator.CreateOhifViewerMetadata - Temp file named /usr/local/tomcat/temp/ohif7535574764203044708.tmp created for storing serialized JSON
2026-05-19 14:23:22,458 [reactorDispatcher-15] DEBUG org.nrg.xnatx.ohifviewer.inputcreator.JsonMetadataHandler - /usr/local/tomcat/temp/ohif7535574764203044708.tmp has been deleted
2026-05-19 14:23:22,458 [reactorDispatcher-15] INFO  org.nrg.xnatx.ohifviewer.inputcreator.JsonMetadataHandler - Session Xnat4Tests_E00004 metadata created and stored
2026-05-19 14:24:07,260 [http-nio-8080-exec-6] DEBUG org.nrg.xnatx.plugin.Security - Permission check - User: admin, Permission: Read, Element: xnat:projectData/ID, Value: dummydicomproject
2026-05-19 14:24:07,261 [http-nio-8080-exec-6] DEBUG org.nrg.xnatx.plugin.Security - Project visible to user admin: dummydicomproject
2026-05-19 14:24:07,261 [http-nio-8080-exec-6] DEBUG org.nrg.xnatx.plugin.Security - Permission check - User: admin, Permission: Read, Element: xnat:imageSessionData/ID, Value: Xnat4Tests_E00004
2026-05-19 14:24:07,263 [http-nio-8080-exec-6] DEBUG org.nrg.xnatx.plugin.Security - Session visible to user admin: Xnat4Tests_E00004
2026-05-19 14:24:07,265 [http-nio-8080-exec-6] DEBUG org.nrg.xnatx.plugin.Security - Permission check - User: admin, Permission: Read, Element: xnat:mrSessionData/project, Value: dummydicomproject
2026-05-19 14:24:07,266 [http-nio-8080-exec-6] INFO  org.nrg.xnatx.plugin.PluginUtils - Experiment Xnat4Tests_E00004 belongs to project dummydicomproject
2026-05-19 14:24:07,271 [http-nio-8080-exec-6] DEBUG org.nrg.xnatx.ohifviewer.inputcreator.JsonMetadataHandler - Stored JSON revision: 2
2026-05-19 14:24:07,285 [http-nio-8080-exec-2] DEBUG org.nrg.xnatx.plugin.Security - Permission check - User: admin, Permission: Read, Element: xnat:projectData/ID, Value: dummydicomproject
2026-05-19 14:24:07,286 [http-nio-8080-exec-2] DEBUG org.nrg.xnatx.plugin.Security - Project visible to user admin: dummydicomproject
2026-05-19 14:24:07,286 [http-nio-8080-exec-2] DEBUG org.nrg.xnatx.plugin.Security - Permission check - User: admin, Permission: Read, Element: xnat:imageSessionData/ID, Value: Xnat4Tests_E00004
2026-05-19 14:24:07,290 [http-nio-8080-exec-2] DEBUG org.nrg.xnatx.plugin.Security - Session visible to user admin: Xnat4Tests_E00004
2026-05-19 14:24:07,292 [http-nio-8080-exec-2] DEBUG org.nrg.xnatx.plugin.Security - Permission check - User: admin, Permission: Read, Element: xnat:mrSessionData/project, Value: dummydicomproject
2026-05-19 14:24:07,293 [http-nio-8080-exec-2] INFO  org.nrg.xnatx.plugin.PluginUtils - Experiment Xnat4Tests_E00004 belongs to project dummydicomproject
2026-05-19 14:24:07,294 [http-nio-8080-exec-2] DEBUG org.nrg.xnatx.ohifviewer.inputcreator.JsonMetadataHandler - Stored JSON revision: 2
2026-05-19 14:24:07,295 [http-nio-8080-exec-2] DEBUG org.nrg.xnatx.ohifviewer.service.HibernateOhifSessionDataService - Fetching session JSON for sessionId=Xnat4Tests_E00004
2026-05-19 14:24:07,317 [http-nio-8080-exec-2] DEBUG org.nrg.xnatx.ohifviewer.xapi.OhifViewerApi - Finished the transfer of session JSON
2026-05-19 14:24:07,738 [http-nio-8080-exec-3] DEBUG org.nrg.xnatx.plugin.Security - Permission check - User: admin, Permission: Read, Element: xnat:projectData/ID, Value: dummydicomproject
2026-05-19 14:24:07,738 [http-nio-8080-exec-8] DEBUG org.nrg.xnatx.plugin.Security - Permission check - User: admin, Permission: Read, Element: xnat:projectData/ID, Value: dummydicomproject
2026-05-19 14:24:07,739 [http-nio-8080-exec-3] DEBUG org.nrg.xnatx.plugin.Security - Project visible to user admin: dummydicomproject
2026-05-19 14:24:07,739 [http-nio-8080-exec-8] DEBUG org.nrg.xnatx.plugin.Security - Project visible to user admin: dummydicomproject
2026-05-19 14:24:07,739 [http-nio-8080-exec-8] DEBUG org.nrg.xnatx.plugin.Security - Permission check - User: admin, Permission: Read, Element: xnat:imageSessionData/ID, Value: Xnat4Tests_E00004
2026-05-19 14:24:07,745 [http-nio-8080-exec-8] DEBUG org.nrg.xnatx.plugin.Security - Session visible to user admin: Xnat4Tests_E00004
2026-05-19 14:24:07,746 [http-nio-8080-exec-10] DEBUG org.nrg.xnatx.ohifviewer.xapi.OhifViewerConfigApi - GET /viewerConfig/projects/dummydicomproject/roipreset roiType=ALL by user admin
2026-05-19 14:24:07,746 [http-nio-8080-exec-10] DEBUG org.nrg.xnatx.plugin.Security - Permission check - User: admin, Permission: Read, Element: xnat:projectData/ID, Value: dummydicomproject
2026-05-19 14:24:07,747 [http-nio-8080-exec-10] DEBUG org.nrg.xnatx.plugin.Security - Project visible to user admin: dummydicomproject
2026-05-19 14:24:07,748 [http-nio-8080-exec-4] DEBUG org.nrg.xnatx.plugin.Security - Permission check - User: admin, Permission: Read, Element: xnat:projectData/ID, Value: dummydicomproject
2026-05-19 14:24:07,749 [http-nio-8080-exec-4] DEBUG org.nrg.xnatx.plugin.Security - Project visible to user admin: dummydicomproject
2026-05-19 14:24:07,749 [http-nio-8080-exec-8] DEBUG org.nrg.xnatx.plugin.Security - Permission check - User: admin, Permission: Read, Element: xnat:mrSessionData/project, Value: dummydicomproject
2026-05-19 14:24:07,751 [http-nio-8080-exec-8] INFO  org.nrg.xnatx.plugin.PluginUtils - Experiment Xnat4Tests_E00004 belongs to project dummydicomproject
2026-05-19 14:24:07,751 [http-nio-8080-exec-1] INFO  org.nrg.xnatx.roi.xapi.OhifRoiApi - RoiApi::checkPermission(projectId=dummydicomproject, element=RoiCollection)
2026-05-19 14:24:07,751 [http-nio-8080-exec-1] DEBUG org.nrg.xnatx.roi.xapi.OhifRoiApi - GET /projects/dummydicomproject/permissions/RoiCollection by user admin
2026-05-19 14:24:07,752 [http-nio-8080-exec-1] DEBUG org.nrg.xnatx.plugin.Security - Permission check - User: admin, Permission: Read, Element: xnat:projectData/ID, Value: dummydicomproject
2026-05-19 14:24:07,752 [http-nio-8080-exec-8] DEBUG org.nrg.xnatx.ohifviewer.inputcreator.JsonMetadataHandler - Stored JSON revision: 2
2026-05-19 14:24:07,752 [http-nio-8080-exec-1] DEBUG org.nrg.xnatx.plugin.Security - Project visible to user admin: dummydicomproject
2026-05-19 14:24:07,752 [http-nio-8080-exec-8] DEBUG org.nrg.xnatx.ohifviewer.service.HibernateOhifSessionDataService - Fetching session JSON for sessionId=Xnat4Tests_E00004
2026-05-19 14:24:07,802 [http-nio-8080-exec-8] DEBUG org.nrg.xnatx.ohifviewer.xapi.OhifViewerApi - Finished the transfer of session JSON
2026-05-19 14:24:07,821 [http-nio-8080-exec-9] DEBUG org.nrg.xnatx.ohifviewer.xapi.OhifViewerConfigApi - GET /viewerConfig/projects/dummydicomproject by user admin
2026-05-19 14:24:07,821 [http-nio-8080-exec-9] DEBUG org.nrg.xnatx.plugin.Security - Permission check - User: admin, Permission: Read, Element: xnat:projectData/ID, Value: dummydicomproject
2026-05-19 14:24:07,822 [http-nio-8080-exec-9] DEBUG org.nrg.xnatx.plugin.Security - Project visible to user admin: dummydicomproject
2026-05-19 14:28:26,939 [http-nio-8080-exec-8] INFO  org.nrg.xnatx.roi.xapi.OhifRoiApi - RoiApi::putCollection(projectId=dummydicomproject, sessionId=Xnat4Tests_E00004, label=AIM_20260519_152825_455_S501, type=AIM, overwrite=false)
2026-05-19 14:28:26,940 [http-nio-8080-exec-8] DEBUG org.nrg.xnatx.roi.xapi.OhifRoiApi - PUT /projects/dummydicomproject/sessions/Xnat4Tests_E00004/collections/AIM_20260519_152825_455_S501 by user admin
2026-05-19 14:28:26,940 [http-nio-8080-exec-8] DEBUG org.nrg.xnatx.plugin.Security - Permission check - User: admin, Permission: Read, Element: xnat:projectData/ID, Value: dummydicomproject
2026-05-19 14:28:26,941 [http-nio-8080-exec-8] DEBUG org.nrg.xnatx.plugin.Security - Project visible to user admin: dummydicomproject
2026-05-19 14:28:26,941 [http-nio-8080-exec-8] DEBUG org.nrg.xnatx.plugin.Security - Permission check - User: admin, Permission: Read, Element: xnat:imageSessionData/ID, Value: Xnat4Tests_E00004
2026-05-19 14:28:26,944 [http-nio-8080-exec-8] DEBUG org.nrg.xnatx.plugin.Security - Session visible to user admin: Xnat4Tests_E00004
2026-05-19 14:28:26,946 [http-nio-8080-exec-8] DEBUG org.nrg.xnatx.plugin.Security - Permission check - User: admin, Permission: Create, Element: xnat:mrSessionData/project, Value: dummydicomproject
2026-05-19 14:28:26,949 [http-nio-8080-exec-8] DEBUG org.nrg.xnatx.plugin.Security - Permission check - User: admin, Permission: Edit, Element: xnat:mrSessionData/project, Value: dummydicomproject
2026-05-19 14:28:26,950 [http-nio-8080-exec-8] DEBUG org.nrg.xnatx.plugin.Security - Permission check - User: admin, Permission: Read, Element: xnat:mrSessionData/project, Value: dummydicomproject
2026-05-19 14:28:26,950 [http-nio-8080-exec-8] DEBUG org.nrg.xnatx.plugin.Security - Permission check - User: admin, Permission: Create, Element: icr:roiCollectionData/project, Value: dummydicomproject
2026-05-19 14:28:26,951 [http-nio-8080-exec-8] DEBUG org.nrg.xnatx.plugin.Security - Permission check - User: admin, Permission: Edit, Element: icr:roiCollectionData/project, Value: dummydicomproject
2026-05-19 14:28:26,951 [http-nio-8080-exec-8] DEBUG org.nrg.xnatx.plugin.Security - Permission check - User: admin, Permission: Read, Element: icr:roiCollectionData/project, Value: dummydicomproject
2026-05-19 14:28:26,985 [http-nio-8080-exec-8] DEBUG org.nrg.xnatx.roi.data.AbstractRoiCollection - Study UID added: 2.25.43408243936678853498385019867643891311
2026-05-19 14:28:26,986 [http-nio-8080-exec-8] DEBUG org.nrg.xnatx.roi.data.AbstractRoiCollection - Series UID added: 2.25.137650289451318583692832555157525763304
2026-05-19 14:28:26,993 [http-nio-8080-exec-8] INFO  org.nrg.xnatx.roi.process.DefaultCollectionStorage - Storing ROI collection AIM_20260519_152825_455_S501
2026-05-19 14:28:26,996 [http-nio-8080-exec-8] DEBUG org.nrg.xnatx.roi.process.DefaultCollectionStorage - Checking dependencies present
2026-05-19 14:28:26,996 [http-nio-8080-exec-8] DEBUG org.nrg.xnatx.roi.process.DefaultCollectionStorage - Checking study UID: 2.25.43408243936678853498385019867643891311
2026-05-19 14:28:27,048 [http-nio-8080-exec-8] DEBUG org.nrg.xnatx.roi.process.DefaultCollectionStorage - Checking series UID: 2.25.137650289451318583692832555157525763304
2026-05-19 14:28:27,101 [http-nio-8080-exec-8] DEBUG org.nrg.xnatx.plugin.PluginUtils - Catalog for UIDs: /data/xnat/archive/dummydicomproject/arc001/1908460/SCANS/501/DICOM/scan_501_catalog.xml
2026-05-19 14:28:27,104 [http-nio-8080-exec-8] DEBUG org.nrg.xnatx.plugin.PluginUtils - UIDs found: 176
2026-05-19 14:28:27,104 [http-nio-8080-exec-8] DEBUG org.nrg.xnatx.roi.process.DefaultCollectionStorage - 176 SOP instance UIDs added from scan 501
2026-05-19 14:28:27,104 [http-nio-8080-exec-8] DEBUG org.nrg.xnatx.roi.process.DefaultCollectionStorage - Checking 1 SOP instance UIDs
2026-05-19 14:28:27,105 [http-nio-8080-exec-8] DEBUG org.nrg.xnatx.roi.process.DefaultCollectionStorage - Creating ROI collection data
2026-05-19 14:28:27,109 [http-nio-8080-exec-8] DEBUG org.nrg.xnatx.roi.process.DefaultCollectionStorage - Referenced series UID: 2.25.137650289451318583692832555157525763304
2026-05-19 14:28:27,119 [http-nio-8080-exec-8] DEBUG org.nrg.xnatx.roi.process.BaseCollectionProcessor - Saving ROI collection data
2026-05-19 14:28:27,165 [http-nio-8080-exec-8] INFO  org.nrg.xnatx.roi.process.BaseCollectionProcessor - ROI collection contour-collection saved
2026-05-19 14:28:27,167 [http-nio-8080-exec-8] INFO  org.nrg.xnatx.roi.process.ProcessUtils - Workflow created: Xnat4Tests_E00004 - Upload ROI Collection
2026-05-19 14:28:27,169 [http-nio-8080-exec-8] INFO  org.nrg.xnatx.roi.process.ProcessUtils - Workflow created: RoiCollection_GyqiMAtn_14z8Pfu3o68 - Catalog Creation
2026-05-19 14:28:27,219 [http-nio-8080-exec-8] INFO  org.nrg.xnatx.roi.process.ProcessUtils - Workflow completed: RoiCollection_GyqiMAtn_14z8Pfu3o68 - Catalog Creation
2026-05-19 14:28:27,219 [reactorDispatcher-17] DEBUG org.nrg.xnatx.ohifviewer.event.listeners.OhifViewerEventListener - Handling event in OhifViewerEventListener. PipelineName: Catalog Creation, DataType: icr:roiCollectionData, ID: RoiCollection_GyqiMAtn_14z8Pfu3o68
2026-05-19 14:28:27,223 [http-nio-8080-exec-8] INFO  org.nrg.xnatx.roi.process.ProcessUtils - Workflow created: RoiCollection_GyqiMAtn_14z8Pfu3o68 - Resource Creation
2026-05-19 14:28:27,266 [http-nio-8080-exec-8] INFO  org.nrg.xnatx.roi.process.ProcessUtils - Workflow completed: RoiCollection_GyqiMAtn_14z8Pfu3o68 - Resource Creation
2026-05-19 14:28:27,266 [http-nio-8080-exec-8] DEBUG org.nrg.xnatx.roi.process.BaseCollectionProcessor - Saving ROI collection data
2026-05-19 14:28:27,266 [reactorDispatcher-1] DEBUG org.nrg.xnatx.ohifviewer.event.listeners.OhifViewerEventListener - Handling event in OhifViewerEventListener. PipelineName: Resource Creation, DataType: icr:roiCollectionData, ID: RoiCollection_GyqiMAtn_14z8Pfu3o68
2026-05-19 14:28:27,309 [http-nio-8080-exec-8] INFO  org.nrg.xnatx.roi.process.BaseCollectionProcessor - ROI collection contour-collection saved
2026-05-19 14:28:27,309 [http-nio-8080-exec-8] DEBUG org.nrg.xnatx.roi.process.DefaultCollectionStorage - Creating 2 ROIs
2026-05-19 14:28:27,321 [http-nio-8080-exec-8] INFO  org.nrg.xnatx.roi.process.ProcessUtils - Workflow completed: Xnat4Tests_E00004 - Upload ROI Collection
2026-05-19 14:28:27,321 [reactorDispatcher-10] DEBUG org.nrg.xnatx.ohifviewer.event.listeners.OhifViewerEventListener - Handling event in OhifViewerEventListener. PipelineName: Upload ROI Collection, DataType: xnat:mrSessionData, ID: Xnat4Tests_E00004
2026-05-19 14:28:27,321 [http-nio-8080-exec-8] INFO  org.nrg.xnatx.roi.process.DefaultCollectionStorage - ROI collection AIM_20260519_152825_455_S501 stored
2026-05-19 14:28:27,325 [http-nio-8080-exec-8] INFO  org.nrg.xnatx.roi.process.DefaultCollectionConverter - Converting ROI collection AIM_20260519_152825_455_S501 to RTSTRUCT
2026-05-19 14:28:27,334 [http-nio-8080-exec-8] INFO  org.nrg.xnatx.roi.process.ProcessUtils - Workflow created: Xnat4Tests_E00004 - Convert ROI Collection
2026-05-19 14:28:27,337 [http-nio-8080-exec-8] INFO  org.nrg.xnatx.roi.process.ProcessUtils - Workflow created: RoiCollection_GyqiMAtn_14z8Pfu3o68 - Catalog Creation
2026-05-19 14:28:27,365 [http-nio-8080-exec-8] INFO  org.nrg.xnatx.roi.process.ProcessUtils - Workflow completed: RoiCollection_GyqiMAtn_14z8Pfu3o68 - Catalog Creation
2026-05-19 14:28:27,366 [reactorDispatcher-9] DEBUG org.nrg.xnatx.ohifviewer.event.listeners.OhifViewerEventListener - Handling event in OhifViewerEventListener. PipelineName: Catalog Creation, DataType: icr:roiCollectionData, ID: RoiCollection_GyqiMAtn_14z8Pfu3o68
2026-05-19 14:28:27,369 [http-nio-8080-exec-8] DEBUG org.nrg.xnatx.roi.process.AimConversionHelper - IAC read: contour-collection
2026-05-19 14:28:27,372 [http-nio-8080-exec-8] DEBUG org.nrg.xnatx.roi.process.AbstractConversionHelper - Building DicomObject map for ROI collection AIM_20260519_152825_455_S501
2026-05-19 14:28:27,378 [http-nio-8080-exec-8] DEBUG org.nrg.xnatx.roi.service.HibernateDicomSpatialDataService - Fetching ROIs for seriesUid=2.25.137650289451318583692832555157525763304
2026-05-19 14:28:27,382 [http-nio-8080-exec-8] DEBUG org.nrg.xnatx.roi.process.AbstractConversionHelper - Finding scan ID for series UID: 2.25.137650289451318583692832555157525763304
2026-05-19 14:28:27,388 [http-nio-8080-exec-8] DEBUG org.nrg.xnatx.roi.process.AbstractConversionHelper - Scan ID: 501
2026-05-19 14:28:27,389 [http-nio-8080-exec-8] DEBUG org.nrg.xnatx.roi.process.AbstractConversionHelper - Scan path: /data/xnat/archive/dummydicomproject/arc001/1908460/SCANS/501/DICOM
2026-05-19 14:28:27,395 [http-nio-8080-exec-8] INFO  icr.etherj.AbstractPathScan - Building import list...
2026-05-19 14:28:27,426 [http-nio-8080-exec-8] INFO  icr.etherj.AbstractPathScan - Scanning 177 files from /data/xnat/archive/dummydicomproject/arc001/1908460/SCANS/501/DICOM...
2026-05-19 14:28:27,534 [http-nio-8080-exec-8] INFO  icr.etherj.AbstractPathScan - Scan complete /data/xnat/archive/dummydicomproject/arc001/1908460/SCANS/501/DICOM
2026-05-19 14:28:27,534 [http-nio-8080-exec-8] DEBUG org.nrg.xnatx.roi.process.AbstractConversionHelper - 176 items found for series UID 2.25.137650289451318583692832555157525763304
2026-05-19 14:28:27,536 [http-nio-8080-exec-8] DEBUG org.nrg.xnatx.roi.service.HibernateDicomSpatialDataService - Creating 176 entries
2026-05-19 14:28:27,608 [http-nio-8080-exec-8] INFO  org.nrg.xnatx.roi.process.AbstractConversionHelper - DICOM spatial data saved to service
2026-05-19 14:28:27,609 [http-nio-8080-exec-8] DEBUG org.nrg.xnatx.roi.process.AbstractConversionHelper - 176 items found for ROI collection AIM_20260519_152825_455_S501
2026-05-19 14:28:27,647 [http-nio-8080-exec-8] DEBUG org.nrg.xnatx.roi.process.AimConversionHelper - RTSTRUCT bytes created
2026-05-19 14:28:27,649 [http-nio-8080-exec-8] INFO  org.nrg.xnatx.roi.process.ProcessUtils - Workflow created: RoiCollection_GyqiMAtn_14z8Pfu3o68 - Resource Creation
2026-05-19 14:28:27,680 [http-nio-8080-exec-8] INFO  org.nrg.xnatx.roi.process.ProcessUtils - Workflow completed: RoiCollection_GyqiMAtn_14z8Pfu3o68 - Resource Creation
2026-05-19 14:28:27,680 [http-nio-8080-exec-8] DEBUG org.nrg.xnatx.roi.process.BaseCollectionProcessor - Saving ROI collection data
2026-05-19 14:28:27,680 [reactorDispatcher-2] DEBUG org.nrg.xnatx.ohifviewer.event.listeners.OhifViewerEventListener - Handling event in OhifViewerEventListener. PipelineName: Resource Creation, DataType: icr:roiCollectionData, ID: RoiCollection_GyqiMAtn_14z8Pfu3o68
2026-05-19 14:28:27,724 [http-nio-8080-exec-8] INFO  org.nrg.xnatx.roi.process.BaseCollectionProcessor - ROI collection contour-collection saved
2026-05-19 14:28:27,728 [http-nio-8080-exec-8] INFO  org.nrg.xnatx.roi.process.ProcessUtils - Workflow completed: Xnat4Tests_E00004 - Convert ROI Collection
2026-05-19 14:28:27,729 [reactorDispatcher-11] DEBUG org.nrg.xnatx.ohifviewer.event.listeners.OhifViewerEventListener - Handling event in OhifViewerEventListener. PipelineName: Convert ROI Collection, DataType: xnat:mrSessionData, ID: Xnat4Tests_E00004
2026-05-19 14:28:27,729 [http-nio-8080-exec-8] INFO  org.nrg.xnatx.roi.process.DefaultCollectionConverter - ROI collection AIM_20260519_152825_455_S501 converted to RTSTRUCT
2026-05-19 14:29:01,873 [http-nio-8080-exec-3] INFO  org.nrg.xnatx.roi.xapi.OhifRoiApi - RoiApi::putCollection(projectId=dummydicomproject, sessionId=Xnat4Tests_E00004, label=SEG_20260519_152850_983_S501, type=SEG, overwrite=false)
2026-05-19 14:29:01,874 [http-nio-8080-exec-3] DEBUG org.nrg.xnatx.roi.xapi.OhifRoiApi - PUT /projects/dummydicomproject/sessions/Xnat4Tests_E00004/collections/SEG_20260519_152850_983_S501 by user admin
2026-05-19 14:29:01,874 [http-nio-8080-exec-3] DEBUG org.nrg.xnatx.plugin.Security - Permission check - User: admin, Permission: Read, Element: xnat:projectData/ID, Value: dummydicomproject
2026-05-19 14:29:01,874 [http-nio-8080-exec-3] DEBUG org.nrg.xnatx.plugin.Security - Project visible to user admin: dummydicomproject
2026-05-19 14:29:01,875 [http-nio-8080-exec-3] DEBUG org.nrg.xnatx.plugin.Security - Permission check - User: admin, Permission: Read, Element: xnat:imageSessionData/ID, Value: Xnat4Tests_E00004
2026-05-19 14:29:01,877 [http-nio-8080-exec-3] DEBUG org.nrg.xnatx.plugin.Security - Session visible to user admin: Xnat4Tests_E00004
2026-05-19 14:29:01,880 [http-nio-8080-exec-3] DEBUG org.nrg.xnatx.plugin.Security - Permission check - User: admin, Permission: Create, Element: xnat:mrSessionData/project, Value: dummydicomproject
2026-05-19 14:29:01,880 [http-nio-8080-exec-3] DEBUG org.nrg.xnatx.plugin.Security - Permission check - User: admin, Permission: Edit, Element: xnat:mrSessionData/project, Value: dummydicomproject
2026-05-19 14:29:01,880 [http-nio-8080-exec-3] DEBUG org.nrg.xnatx.plugin.Security - Permission check - User: admin, Permission: Read, Element: xnat:mrSessionData/project, Value: dummydicomproject
2026-05-19 14:29:01,881 [http-nio-8080-exec-3] DEBUG org.nrg.xnatx.plugin.Security - Permission check - User: admin, Permission: Create, Element: icr:roiCollectionData/project, Value: dummydicomproject
2026-05-19 14:29:01,881 [http-nio-8080-exec-3] DEBUG org.nrg.xnatx.plugin.Security - Permission check - User: admin, Permission: Edit, Element: icr:roiCollectionData/project, Value: dummydicomproject
2026-05-19 14:29:01,882 [http-nio-8080-exec-3] DEBUG org.nrg.xnatx.plugin.Security - Permission check - User: admin, Permission: Read, Element: icr:roiCollectionData/project, Value: dummydicomproject
2026-05-19 14:29:01,896 [http-nio-8080-exec-3] INFO  icr.etherj.dicom.iod.IodUtils - Invalid patient size: NaN
2026-05-19 14:29:01,896 [http-nio-8080-exec-3] INFO  icr.etherj.dicom.iod.IodUtils - Invalid patient weight: NaN
2026-05-19 14:29:01,909 [http-nio-8080-exec-3] DEBUG org.nrg.xnatx.roi.data.AbstractRoiCollection - Study UID added: 2.25.43408243936678853498385019867643891311
2026-05-19 14:29:01,909 [http-nio-8080-exec-3] DEBUG org.nrg.xnatx.roi.data.AbstractRoiCollection - Series UID added: 2.25.137650289451318583692832555157525763304
2026-05-19 14:29:01,914 [http-nio-8080-exec-3] INFO  org.nrg.xnatx.roi.process.DefaultCollectionStorage - Storing ROI collection SEG_20260519_152850_983_S501
2026-05-19 14:29:01,916 [http-nio-8080-exec-3] DEBUG org.nrg.xnatx.roi.process.DefaultCollectionStorage - Checking dependencies present
2026-05-19 14:29:01,916 [http-nio-8080-exec-3] DEBUG org.nrg.xnatx.roi.process.DefaultCollectionStorage - Checking study UID: 2.25.43408243936678853498385019867643891311
2026-05-19 14:29:01,965 [http-nio-8080-exec-3] DEBUG org.nrg.xnatx.roi.process.DefaultCollectionStorage - Checking series UID: 2.25.137650289451318583692832555157525763304
2026-05-19 14:29:02,018 [http-nio-8080-exec-3] DEBUG org.nrg.xnatx.plugin.PluginUtils - Catalog for UIDs: /data/xnat/archive/dummydicomproject/arc001/1908460/SCANS/501/DICOM/scan_501_catalog.xml
2026-05-19 14:29:02,029 [http-nio-8080-exec-3] DEBUG org.nrg.xnatx.plugin.PluginUtils - UIDs found: 176
2026-05-19 14:29:02,029 [http-nio-8080-exec-3] DEBUG org.nrg.xnatx.roi.process.DefaultCollectionStorage - 176 SOP instance UIDs added from scan 501
2026-05-19 14:29:02,029 [http-nio-8080-exec-3] DEBUG org.nrg.xnatx.roi.process.DefaultCollectionStorage - Checking 176 SOP instance UIDs
2026-05-19 14:29:02,030 [http-nio-8080-exec-3] DEBUG org.nrg.xnatx.roi.process.DefaultCollectionStorage - Creating ROI collection data
2026-05-19 14:29:02,033 [http-nio-8080-exec-3] DEBUG org.nrg.xnatx.roi.process.DefaultCollectionStorage - Referenced series UID: 2.25.137650289451318583692832555157525763304
2026-05-19 14:29:02,037 [http-nio-8080-exec-3] DEBUG org.nrg.xnatx.roi.process.BaseCollectionProcessor - Saving ROI collection data
2026-05-19 14:29:02,060 [http-nio-8080-exec-3] INFO  org.nrg.xnatx.roi.process.BaseCollectionProcessor - ROI collection segment-collection saved
2026-05-19 14:29:02,061 [http-nio-8080-exec-3] INFO  org.nrg.xnatx.roi.process.ProcessUtils - Workflow created: Xnat4Tests_E00004 - Upload ROI Collection
2026-05-19 14:29:02,062 [http-nio-8080-exec-3] INFO  org.nrg.xnatx.roi.process.ProcessUtils - Workflow created: RoiCollection_GyqiMAtn_91ZVXLbZkk8 - Catalog Creation
2026-05-19 14:29:02,093 [http-nio-8080-exec-3] INFO  org.nrg.xnatx.roi.process.ProcessUtils - Workflow completed: RoiCollection_GyqiMAtn_91ZVXLbZkk8 - Catalog Creation
2026-05-19 14:29:02,093 [reactorDispatcher-16] DEBUG org.nrg.xnatx.ohifviewer.event.listeners.OhifViewerEventListener - Handling event in OhifViewerEventListener. PipelineName: Catalog Creation, DataType: icr:roiCollectionData, ID: RoiCollection_GyqiMAtn_91ZVXLbZkk8
2026-05-19 14:29:02,096 [http-nio-8080-exec-3] INFO  org.nrg.xnatx.roi.process.ProcessUtils - Workflow created: RoiCollection_GyqiMAtn_91ZVXLbZkk8 - Resource Creation
2026-05-19 14:29:02,131 [http-nio-8080-exec-3] INFO  org.nrg.xnatx.roi.process.ProcessUtils - Workflow completed: RoiCollection_GyqiMAtn_91ZVXLbZkk8 - Resource Creation
2026-05-19 14:29:02,131 [http-nio-8080-exec-3] DEBUG org.nrg.xnatx.roi.process.BaseCollectionProcessor - Saving ROI collection data
2026-05-19 14:29:02,131 [reactorDispatcher-13] DEBUG org.nrg.xnatx.ohifviewer.event.listeners.OhifViewerEventListener - Handling event in OhifViewerEventListener. PipelineName: Resource Creation, DataType: icr:roiCollectionData, ID: RoiCollection_GyqiMAtn_91ZVXLbZkk8
2026-05-19 14:29:02,170 [http-nio-8080-exec-3] INFO  org.nrg.xnatx.roi.process.BaseCollectionProcessor - ROI collection segment-collection saved
2026-05-19 14:29:02,170 [http-nio-8080-exec-3] DEBUG org.nrg.xnatx.roi.process.DefaultCollectionStorage - Creating 2 ROIs
2026-05-19 14:29:02,175 [http-nio-8080-exec-3] INFO  org.nrg.xnatx.roi.process.ProcessUtils - Workflow completed: Xnat4Tests_E00004 - Upload ROI Collection
2026-05-19 14:29:02,175 [http-nio-8080-exec-3] INFO  org.nrg.xnatx.roi.process.DefaultCollectionStorage - ROI collection SEG_20260519_152850_983_S501 stored
2026-05-19 14:29:02,175 [reactorDispatcher-14] DEBUG org.nrg.xnatx.ohifviewer.event.listeners.OhifViewerEventListener - Handling event in OhifViewerEventListener. PipelineName: Upload ROI Collection, DataType: xnat:mrSessionData, ID: Xnat4Tests_E00004
2026-05-19 14:29:02,177 [http-nio-8080-exec-3] INFO  org.nrg.xnatx.roi.xapi.OhifRoiApi - Collection type SEG does not have alternate types
2026-05-19 14:29:32,429 [http-nio-8080-exec-7] INFO  org.nrg.xnatx.roi.xapi.OhifRoiApi - RoiApi::putCollection(projectId=dummydicomproject, sessionId=Xnat4Tests_E00004, label=MEAS_20260519_152915_079_S501, type=MEAS, overwrite=false)
2026-05-19 14:29:32,430 [http-nio-8080-exec-7] DEBUG org.nrg.xnatx.roi.xapi.OhifRoiApi - PUT /projects/dummydicomproject/sessions/Xnat4Tests_E00004/collections/MEAS_20260519_152915_079_S501 by user admin
2026-05-19 14:29:32,430 [http-nio-8080-exec-7] DEBUG org.nrg.xnatx.plugin.Security - Permission check - User: admin, Permission: Read, Element: xnat:projectData/ID, Value: dummydicomproject
2026-05-19 14:29:32,431 [http-nio-8080-exec-7] DEBUG org.nrg.xnatx.plugin.Security - Project visible to user admin: dummydicomproject
2026-05-19 14:29:32,431 [http-nio-8080-exec-7] DEBUG org.nrg.xnatx.plugin.Security - Permission check - User: admin, Permission: Read, Element: xnat:imageSessionData/ID, Value: Xnat4Tests_E00004
2026-05-19 14:29:32,435 [http-nio-8080-exec-7] DEBUG org.nrg.xnatx.plugin.Security - Session visible to user admin: Xnat4Tests_E00004
2026-05-19 14:29:32,438 [http-nio-8080-exec-7] DEBUG org.nrg.xnatx.plugin.Security - Permission check - User: admin, Permission: Create, Element: xnat:mrSessionData/project, Value: dummydicomproject
2026-05-19 14:29:32,438 [http-nio-8080-exec-7] DEBUG org.nrg.xnatx.plugin.Security - Permission check - User: admin, Permission: Edit, Element: xnat:mrSessionData/project, Value: dummydicomproject
2026-05-19 14:29:32,438 [http-nio-8080-exec-7] DEBUG org.nrg.xnatx.plugin.Security - Permission check - User: admin, Permission: Read, Element: xnat:mrSessionData/project, Value: dummydicomproject
2026-05-19 14:29:32,439 [http-nio-8080-exec-7] DEBUG org.nrg.xnatx.plugin.Security - Permission check - User: admin, Permission: Create, Element: icr:roiCollectionData/project, Value: dummydicomproject
2026-05-19 14:29:32,439 [http-nio-8080-exec-7] DEBUG org.nrg.xnatx.plugin.Security - Permission check - User: admin, Permission: Edit, Element: icr:roiCollectionData/project, Value: dummydicomproject
2026-05-19 14:29:32,440 [http-nio-8080-exec-7] DEBUG org.nrg.xnatx.plugin.Security - Permission check - User: admin, Permission: Read, Element: icr:roiCollectionData/project, Value: dummydicomproject
2026-05-19 14:29:32,461 [http-nio-8080-exec-7] DEBUG org.nrg.xnatx.roi.data.AbstractRoiCollection - Series UID added: 2.25.137650289451318583692832555157525763304
2026-05-19 14:29:32,461 [http-nio-8080-exec-7] DEBUG org.nrg.xnatx.roi.data.AbstractRoiCollection - Study UID added: 2.25.43408243936678853498385019867643891311
2026-05-19 14:29:32,465 [http-nio-8080-exec-7] INFO  org.nrg.xnatx.roi.process.DefaultCollectionStorage - Storing ROI collection MEAS_20260519_152915_079_S501
2026-05-19 14:29:32,467 [http-nio-8080-exec-7] DEBUG org.nrg.xnatx.roi.process.DefaultCollectionStorage - Checking dependencies present
2026-05-19 14:29:32,467 [http-nio-8080-exec-7] DEBUG org.nrg.xnatx.roi.process.DefaultCollectionStorage - Checking study UID: 2.25.43408243936678853498385019867643891311
2026-05-19 14:29:32,521 [http-nio-8080-exec-7] DEBUG org.nrg.xnatx.roi.process.DefaultCollectionStorage - Checking series UID: 2.25.137650289451318583692832555157525763304
2026-05-19 14:29:32,593 [http-nio-8080-exec-7] DEBUG org.nrg.xnatx.plugin.PluginUtils - Catalog for UIDs: /data/xnat/archive/dummydicomproject/arc001/1908460/SCANS/501/DICOM/scan_501_catalog.xml
2026-05-19 14:29:32,601 [http-nio-8080-exec-7] DEBUG org.nrg.xnatx.plugin.PluginUtils - UIDs found: 176
2026-05-19 14:29:32,601 [http-nio-8080-exec-7] DEBUG org.nrg.xnatx.roi.process.DefaultCollectionStorage - 176 SOP instance UIDs added from scan 501
2026-05-19 14:29:32,601 [http-nio-8080-exec-7] DEBUG org.nrg.xnatx.roi.process.DefaultCollectionStorage - Checking 1 SOP instance UIDs
2026-05-19 14:29:32,602 [http-nio-8080-exec-7] DEBUG org.nrg.xnatx.roi.process.DefaultCollectionStorage - Creating ROI collection data
2026-05-19 14:29:32,604 [http-nio-8080-exec-7] DEBUG org.nrg.xnatx.roi.process.DefaultCollectionStorage - Referenced series UID: 2.25.137650289451318583692832555157525763304
2026-05-19 14:29:32,608 [http-nio-8080-exec-7] DEBUG org.nrg.xnatx.roi.process.BaseCollectionProcessor - Saving ROI collection data
2026-05-19 14:29:32,634 [http-nio-8080-exec-7] INFO  org.nrg.xnatx.roi.process.BaseCollectionProcessor - ROI collection measurement-collection saved
2026-05-19 14:29:32,635 [http-nio-8080-exec-7] INFO  org.nrg.xnatx.roi.process.ProcessUtils - Workflow created: Xnat4Tests_E00004 - Upload ROI Collection
2026-05-19 14:29:32,637 [http-nio-8080-exec-7] INFO  org.nrg.xnatx.roi.process.ProcessUtils - Workflow created: RoiCollection_GyqiMAtn_1UzbMG89ITK - Catalog Creation
2026-05-19 14:29:32,672 [http-nio-8080-exec-7] INFO  org.nrg.xnatx.roi.process.ProcessUtils - Workflow completed: RoiCollection_GyqiMAtn_1UzbMG89ITK - Catalog Creation
2026-05-19 14:29:32,672 [reactorDispatcher-1] DEBUG org.nrg.xnatx.ohifviewer.event.listeners.OhifViewerEventListener - Handling event in OhifViewerEventListener. PipelineName: Catalog Creation, DataType: icr:roiCollectionData, ID: RoiCollection_GyqiMAtn_1UzbMG89ITK
2026-05-19 14:29:32,675 [http-nio-8080-exec-7] INFO  org.nrg.xnatx.roi.process.ProcessUtils - Workflow created: RoiCollection_GyqiMAtn_1UzbMG89ITK - Resource Creation
2026-05-19 14:29:32,709 [http-nio-8080-exec-7] INFO  org.nrg.xnatx.roi.process.ProcessUtils - Workflow completed: RoiCollection_GyqiMAtn_1UzbMG89ITK - Resource Creation
2026-05-19 14:29:32,709 [reactorDispatcher-7] DEBUG org.nrg.xnatx.ohifviewer.event.listeners.OhifViewerEventListener - Handling event in OhifViewerEventListener. PipelineName: Resource Creation, DataType: icr:roiCollectionData, ID: RoiCollection_GyqiMAtn_1UzbMG89ITK
2026-05-19 14:29:32,709 [http-nio-8080-exec-7] DEBUG org.nrg.xnatx.roi.process.BaseCollectionProcessor - Saving ROI collection data
2026-05-19 14:29:32,745 [http-nio-8080-exec-7] INFO  org.nrg.xnatx.roi.process.BaseCollectionProcessor - ROI collection measurement-collection saved
2026-05-19 14:29:32,745 [http-nio-8080-exec-7] DEBUG org.nrg.xnatx.roi.process.DefaultCollectionStorage - Creating 2 ROIs
2026-05-19 14:29:32,750 [http-nio-8080-exec-7] INFO  org.nrg.xnatx.roi.process.ProcessUtils - Workflow completed: Xnat4Tests_E00004 - Upload ROI Collection
2026-05-19 14:29:32,750 [http-nio-8080-exec-7] INFO  org.nrg.xnatx.roi.process.DefaultCollectionStorage - ROI collection MEAS_20260519_152915_079_S501 stored
2026-05-19 14:29:32,751 [reactorDispatcher-20] DEBUG org.nrg.xnatx.ohifviewer.event.listeners.OhifViewerEventListener - Handling event in OhifViewerEventListener. PipelineName: Upload ROI Collection, DataType: xnat:mrSessionData, ID: Xnat4Tests_E00004
2026-05-19 14:29:32,753 [http-nio-8080-exec-7] INFO  org.nrg.xnatx.roi.xapi.OhifRoiApi - Collection type MEAS does not have alternate types
